// Jest Snapshot v1, https://goo.gl/fbAQLP

exports[`should render ExpenseListItem using fixture data 1`] = `
<div>
  <span>
    <Link
      replace={false}
      to="/edit/2"
    >
      Second expense bill
    </Link>
  </span>
  <span>
    20000
  </span>
  <span>
    12/30/1969
  </span>
  <span>
    <button
      onClick={[Function]}
    >
      Remove
    </button>
  </span>
</div>
`;
