// Jest Snapshot v1, https://goo.gl/fbAQLP

exports[`should render ExpenseList with empty message 1`] = `
<div>
  <p>
    No Expenses
  </p>
</div>
`;

exports[`should render ExpenseList with expenses 1`] = `
<div>
  <Connect(ExpenseListItem)
    amount={10000}
    createdAt={"1970-01-01T00:00:00.000Z"}
    description="First expense"
    id={1}
    key="0"
    note="note 1"
  />
  <Connect(ExpenseListItem)
    amount={20000}
    createdAt={-86400000}
    description="Second expense bill"
    id={2}
    key="1"
    note="note 2"
  />
  <Connect(ExpenseListItem)
    amount={30000}
    createdAt={86400000}
    description="Third expense bill"
    id={3}
    key="2"
    note="note 3"
  />
</div>
`;
