// Jest Snapshot v1, https://goo.gl/fbAQLP

exports[`should render ExpenseListItem using fixture data 1`] = `
<tr>
  <td>
    <Link
      replace={false}
      to="/edit/2"
    >
      Rent
    </Link>
  </td>
  <td>
    $1,095.00
  </td>
  <td>
    12/30/1969
  </td>
  <td>
    February Rent
  </td>
  <td>
    <button
      onClick={[Function]}
    >
      Remove
    </button>
  </td>
</tr>
`;
